Applied verified Polar Kraft chronology, naming, construction and pricing repairs.
BoatBuilder QA passed: 351 items, 170 boats, 181 equipment records.
Verified canonical app data, focused Lund and Alumacraft generations, structured value eras, data-backed hull generations, and no runtime correction overlay.
node:internal/modules/run_main:123
    triggerUncaughtException(
    ^

AssertionError [ERR_ASSERTION]: boat:Polar Kraft | Frontier 179 WT still claims unresolved research
    at file:///home/runner/work/BoatBuilder/BoatBuilder/tests/polar-kraft-qa.mjs:39:10
    at ModuleJob.run (node:internal/modules/esm/module_job:343:25)
    at async onImport.tracePromise.__proto__ (node:internal/modules/esm/loader:681:26)
    at async asyncRunEntryPointWithESMLoader (node:internal/modules/run_main:117:5) {
  generatedMessage: false,
  code: 'ERR_ASSERTION',
  actual: "Annual model rosters, a factory brochure, Yamaha's exact 2019 performance bulletin and the retained 2023 factory page were reconciled. No unresolved catch-all row remains.",
  expected: /require generation-by-generation|unresolved/i,
  operator: 'doesNotMatch',
  diff: 'simple'
}

Node.js v22.23.1
repair_status=0
catalog_status=0
polar_status=1
semantic_status=99
report_status=99
snapshot_status=99
